// Jest Snapshot v1, https://goo.gl/fbAQLP

exports[`matches snapshot 1`] = `
<DocumentFragment>
  <h1
    class="text-center m-5"
  >
    Jobly
  </h1>
</DocumentFragment>
`;

exports[`matches snapshot when logged out 1`] = `
<DocumentFragment>
  <h1
    class="text-center m-5"
  >
    Jobly
  </h1>
</DocumentFragment>
`;
