// Jest Snapshot v1, https://goo.gl/fbAQLP

exports[`matches snapshot 1`] = `
<DocumentFragment>
  <div>
    <h1
      class="text-center m-5"
    >
      Jobly
    </h1>
  </div>
</DocumentFragment>
`;
